// Jest Snapshot v1, https://goo.gl/fbAQLP

exports[`<ResponsiveThumbnail /> renders correctly 1`] = `
<ResponsiveThumbnail
  id="one"
  size={
    Object {
      "width": 50,
    }
  }
>
  <Component
    id="one"
    width={50}
  >
    <div />
  </Component>
</ResponsiveThumbnail>
`;
