// Jest Snapshot v1, https://goo.gl/fbAQLP

exports[`<HeaderTitle /> renders correctly 1`] = `
.c0 {
  font-size: 1.5rem;
  margin-bottom: 0.5rem;
  margin-top: 0;
  text-align: center;
  white-space: nowrap;
}

@media (min-width: 30em) {
  .c0 {
    margin-bottom: 0;
    text-align: left;
  }
}

<h1
  className="c0"
/>
`;
