// Jest Snapshot v1, https://goo.gl/fbAQLP

exports[`<Header /> renders correctly 1`] = `
<styled.header>
  <styled.h1>
    <Link
      clean={true}
      to="/"
    >
      Ismay Wolff
    </Link>
  </styled.h1>
  <Navigation />
</styled.header>
`;
