// Jest Snapshot v1, https://goo.gl/fbAQLP

exports[`<ErrorContainer /> renders correctly 1`] = `
<div
  className="css-qjaeoj"
/>
`;
