// Jest Snapshot v1, https://goo.gl/fbAQLP

exports[`<BootError /> renders correctly 1`] = `
<styled.div
  type="error"
>
  <TitleFactory
    center={true}
    margin="0"
    size="1rem"
    tag="h2"
  >
    Oops, something went wrong!
  </TitleFactory>
  <p>
    This page uses modern javascript that your browser doesn
    '
    t support and patching it has failed. Make sure that your browser extensions are not blocking the polyfill.io domain and refresh the page to retry or
     
    <Link
      href="http://outdatedbrowser.com"
    >
      update your browser
    </Link>
    .
  </p>
  <p>
    In most cases I
    '
    ll be notified automatically that something went wrong and I
    '
    ll make sure to fix it as soon as possible. If you want to report this error you can do so on the issues tab of my 
    <Link
      href="https://github.com/ismay/ismaywolff.nl"
    >
      github repo
    </Link>
    .
  </p>
  <p>
    The error was: 
    "
    Error message.
    "
    .
  </p>
</styled.div>
`;
