// Jest Snapshot v1, https://goo.gl/fbAQLP

exports[`<ErrorLink /> renders correctly 1`] = `
<a
  className="fvEVxn"
/>
`;
