// Jest Snapshot v1, https://goo.gl/fbAQLP

exports[`<ZoomableGrid /> renders correctly 1`] = `
.c0 {
  display: grid;
  grid-gap: var(--grid-gutter) var(--grid-gutter);
  grid-template-columns: 1fr 1fr 1fr 1fr 1fr 1fr;
}

<div
  className="c0"
/>
`;
