// Jest Snapshot v1, https://goo.gl/fbAQLP

exports[`<ThumbnailGridItem /> renders correctly 1`] = `
.c0 {
  box-shadow: var(--box-shadow);
  grid-column: span 2;
  position: relative;
}

@media (min-width: 30em) {
  .c0 {
    grid-column: span 1;
  }
}

<div
  className="c0"
/>
`;
