// Jest Snapshot v1, https://goo.gl/fbAQLP

exports[`<ThumbnailButtonWrapper /> renders correctly 1`] = `
.c0 {
  bottom: 0;
  color: var(--color-white);
  padding: var(--size-small);
  position: absolute;
  right: 0;
}

<div
  className="c0"
/>
`;
