// Jest Snapshot v1, https://goo.gl/fbAQLP

exports[`<Container /> renders correctly 1`] = `
.bZScRv {
  margin: 0 auto;
  max-width: 30rem;
  padding: 1rem;
}

<div
  className="sc-bdVaJa bZScRv"
/>
`;
