// Jest Snapshot v1, https://goo.gl/fbAQLP

exports[`<SubTitle /> renders correctly 1`] = `
<p
  className="css-2h84iw"
/>
`;
