// Jest Snapshot v1, https://goo.gl/fbAQLP

exports[`<TitleContainer /> renders correctly 1`] = `
<div
  className="fLnhrp"
/>
`;
