// Jest Snapshot v1, https://goo.gl/fbAQLP

exports[`<List /> renders correctly 1`] = `
.c0 {
  padding-left: 0;
}

<ul
  className="c0"
/>
`;
