// Jest Snapshot v1, https://goo.gl/fbAQLP

exports[`<ListItem /> renders correctly 1`] = `
.c0 {
  list-style-type: none;
}

<li
  className="c0"
/>
`;
