// Jest Snapshot v1, https://goo.gl/fbAQLP

exports[`<AppWithErrors /> renders correctly 1`] = `
<styled.div>
  <BootError
    errorMessage="Message"
  />
</styled.div>
`;
