// Jest Snapshot v1, https://goo.gl/fbAQLP

exports[`<WorkListItemContainer /> renders correctly 1`] = `
<WorkListItem
  work={
    Object {
      "description": "description",
      "published": "published",
      "slug": "title",
      "title": "title",
      "type": "type",
    }
  }
/>
`;
