// Jest Snapshot v1, https://goo.gl/fbAQLP

exports[`<WorkListContainer /> renders correctly 1`] = `
<WorkList
  ids={
    Array [
      "id",
    ]
  }
  isFetching={false}
/>
`;
