exports[`<WorkListItem /> renders correctly 1`] = `
<div>
  <Styled(Link)
    to="/work/title">
    <Connect(ThumbContainer) />
  </Styled(Link)>
</div>
`;
