// Jest Snapshot v1, https://goo.gl/fbAQLP

exports[`<Missing /> renders correctly 1`] = `
<div>
  <SideEffect(DocumentTitle)
    title="Page not found"
  />
  <p>
    That page does not exist
  </p>
</div>
`;
