// Jest Snapshot v1, https://goo.gl/fbAQLP

exports[`<Markdown /> renders correctly 1`] = `
.kGkrne a {
  border-bottom: 1px solid rgb(64,134,203);
  color: rgb(64,134,203);
  -webkit-text-decoration: none;
  text-decoration: none;
}

<div
  className="sc-bdVaJa kGkrne"
/>
`;
