// Jest Snapshot v1, https://goo.gl/fbAQLP

exports[`<OverviewTitle /> renders correctly 1`] = `
.bSmZHz {
  font-size: 0.75rem;
  margin-bottom: 0.5rem;
  margin-top: 0.5rem;
}

<h2
  className="sc-bdVaJa bSmZHz"
>
  Title
</h2>
`;
