exports[`<HeaderLink /> accepts size parameter 1`] = `
<span
  className="fTjLpG"
  size="100%" />
`;

exports[`<HeaderLink /> renders correctly 1`] = `
<span
  className="dOskKx"
  size="1rem" />
`;
